// Jest Snapshot v1, https://goo.gl/fbAQLP

exports[`Search matches a snapshot 1`] = `
<form
  className="sc-bdVaJa dzKkSb"
>
  <label
    className="sc-bwzfXH cKJMRv"
  >
    <input
      className="sc-htpNat dbtHqZ"
      name="searchTerm"
      type="text"
    />
  </label>
  <button
    className="sc-bxivhb gqHkKN"
  >
    Search
  </button>
</form>
`;
